
Loading design for application trce from file infinitas_impl1.ncd.
Design name: infinitas
NCD version: 3.3
Vendor:      LATTICE
Device:      LCMXO2-1200HC
Package:     TQFP144
Performance: 6
Loading device for application trce from file 'xo2c1200.nph' in environment: C:/lscc/diamond/3.9_x64/ispfpga.
Package Status:                     Final          Version 1.42.
Performance Hardware Data Status:   Final          Version 34.4.
Setup and Hold Report

--------------------------------------------------------------------------------
Lattice TRACE Report - Setup, Version Diamond (64-bit) 3.9.0.99.2
Fri Jun 08 16:03:54 2018

Copyright (c) 1991-1994 by NeoCAD Inc. All rights reserved.
Copyright (c) 1995 AT&T Corp.   All rights reserved.
Copyright (c) 1995-2001 Lucent Technologies Inc.  All rights reserved.
Copyright (c) 2001 Agere Systems   All rights reserved.
Copyright (c) 2002-2017 Lattice Semiconductor Corporation,  All rights reserved.

Report Information
------------------
Command line:    trce -v 10 -gt -sethld -sp 6 -sphld m -o infinitas_impl1.twr -gui -msgset C:/lattice/infinitas/promote.xml infinitas_impl1.ncd infinitas_impl1.prf 
Design file:     infinitas_impl1.ncd
Preference file: infinitas_impl1.prf
Device,speed:    LCMXO2-1200HC,6
Report level:    verbose report, limited to 10 items per preference
--------------------------------------------------------------------------------

BLOCK ASYNCPATHS
BLOCK RESETPATHS
--------------------------------------------------------------------------------



================================================================================
Preference: Default path enumeration
            36 items scored, 0 timing errors detected.
--------------------------------------------------------------------------------

Report:    8.185ns delay xLRCK to expLRCK7

   Name    Fanout   Delay (ns)          Site               Resource
PADI_DEL    ---     1.132         58.PAD to       58.PADDI xLRCK
ROUTE         8     4.256       58.PADDI to      113.PADDO expLRCK8_c_c
DOPAD_DEL   ---     2.797      113.PADDO to        113.PAD expLRCK7
                  --------
                    8.185   (48.0% logic, 52.0% route), 2 logic levels.

Report:    8.131ns delay CLKIN to expMCLK7

   Name    Fanout   Delay (ns)          Site               Resource
PADI_DEL    ---     1.132         19.PAD to       19.PADDI CLKIN
ROUTE        11     4.202       19.PADDI to      114.PADDO xMCLK_c_c
DOPAD_DEL   ---     2.797      114.PADDO to        114.PAD expMCLK7
                  --------
                    8.131   (48.3% logic, 51.7% route), 2 logic levels.

Report:    7.704ns delay CLKIN to expMCLK6

   Name    Fanout   Delay (ns)          Site               Resource
PADI_DEL    ---     1.132         19.PAD to       19.PADDI CLKIN
ROUTE        11     3.775       19.PADDI to       81.PADDO xMCLK_c_c
DOPAD_DEL   ---     2.797       81.PADDO to         81.PAD expMCLK6
                  --------
                    7.704   (51.0% logic, 49.0% route), 2 logic levels.

Report:    7.704ns delay CLKIN to expMCLK8

   Name    Fanout   Delay (ns)          Site               Resource
PADI_DEL    ---     1.132         19.PAD to       19.PADDI CLKIN
ROUTE        11     3.775       19.PADDI to       86.PADDO xMCLK_c_c
DOPAD_DEL   ---     2.797       86.PADDO to         86.PAD expMCLK8
                  --------
                    7.704   (51.0% logic, 49.0% route), 2 logic levels.

Report:    7.447ns delay CLKIN to expMCLK5

   Name    Fanout   Delay (ns)          Site               Resource
PADI_DEL    ---     1.132         19.PAD to       19.PADDI CLKIN
ROUTE        11     3.518       19.PADDI to      109.PADDO xMCLK_c_c
DOPAD_DEL   ---     2.797      109.PADDO to        109.PAD expMCLK5
                  --------
                    7.447   (52.8% logic, 47.2% route), 2 logic levels.

Report:    7.356ns delay CLKIN to expMCLK4

   Name    Fanout   Delay (ns)          Site               Resource
PADI_DEL    ---     1.132         19.PAD to       19.PADDI CLKIN
ROUTE        11     3.427       19.PADDI to       74.PADDO xMCLK_c_c
DOPAD_DEL   ---     2.797       74.PADDO to         74.PAD expMCLK4
                  --------
                    7.356   (53.4% logic, 46.6% route), 2 logic levels.

Report:    7.352ns delay CLKIN to expMCLK3

   Name    Fanout   Delay (ns)          Site               Resource
PADI_DEL    ---     1.132         19.PAD to       19.PADDI CLKIN
ROUTE        11     3.423       19.PADDI to      100.PADDO xMCLK_c_c
DOPAD_DEL   ---     2.797      100.PADDO to        100.PAD expMCLK3
                  --------
                    7.352   (53.4% logic, 46.6% route), 2 logic levels.

Report:    7.330ns delay CLKIN to expMCLK2

   Name    Fanout   Delay (ns)          Site               Resource
PADI_DEL    ---     1.132         19.PAD to       19.PADDI CLKIN
ROUTE        11     3.401       19.PADDI to       68.PADDO xMCLK_c_c
DOPAD_DEL   ---     2.797       68.PADDO to         68.PAD expMCLK2
                  --------
                    7.330   (53.6% logic, 46.4% route), 2 logic levels.

Report:    7.262ns delay CLKIN to xMCLK

   Name    Fanout   Delay (ns)          Site               Resource
PADI_DEL    ---     1.132         19.PAD to       19.PADDI CLKIN
ROUTE        11     3.333       19.PADDI to       50.PADDO xMCLK_c_c
DOPAD_DEL   ---     2.797       50.PADDO to         50.PAD xMCLK
                  --------
                    7.262   (54.1% logic, 45.9% route), 2 logic levels.

Report:    7.078ns delay xBCLK to expBCLK7

   Name    Fanout   Delay (ns)          Site               Resource
PADI_DEL    ---     1.132         57.PAD to       57.PADDI xBCLK
ROUTE         8     3.149       57.PADDI to      112.PADDO expBCLK8_c_c
DOPAD_DEL   ---     2.797      112.PADDO to        112.PAD expBCLK7
                  --------
                    7.078   (55.5% logic, 44.5% route), 2 logic levels.

Report:    8.185ns is the maximum delay for this preference.


================================================================================
Preference: Default net enumeration
            13 items scored, 0 timing errors detected.
--------------------------------------------------------------------------------

Report:    4.256ns maximum delay on expLRCK8_c_c

           Delays             Connection(s)
           2.916ns         58.PADDI to 85.PADDO        
           4.256ns         58.PADDI to 113.PADDO       
           2.916ns         58.PADDI to 78.PADDO        
           3.050ns         58.PADDI to 107.PADDO       
           2.568ns         58.PADDI to 73.PADDO        
           2.695ns         58.PADDI to 99.PADDO        
           1.858ns         58.PADDI to 67.PADDO        
           2.347ns         58.PADDI to 94.PADDO        

Report:    4.202ns maximum delay on xMCLK_c_c

           Delays             Connection(s)
           3.333ns         19.PADDI to 50.PADDO        
           3.775ns         19.PADDI to 86.PADDO        
           4.202ns         19.PADDI to 114.PADDO       
           3.775ns         19.PADDI to 81.PADDO        
           3.518ns         19.PADDI to 109.PADDO       
           3.427ns         19.PADDI to 74.PADDO        
           3.423ns         19.PADDI to 100.PADDO       
           3.401ns         19.PADDI to 68.PADDO        
           3.081ns         19.PADDI to 95.PADDO        
           1.850ns         19.PADDI to 13.PADDO        
           1.278ns         19.PADDI to 20.PADDO        

Report:    4.015ns maximum delay on GND_net

           Delays             Connection(s)
           3.725ns         R2C6D.F0 to 60.PADDO        
           4.015ns         R2C6D.F0 to 83.PADDO        
           2.407ns         R2C6D.F0 to 111.PADDO       
           3.367ns         R2C6D.F0 to 76.PADDO        
           2.301ns         R2C6D.F0 to 105.PADDO       
           2.407ns         R2C6D.F0 to 117.PADDO       
           1.549ns         R2C6D.F0 to 2.PADDO         
           1.549ns         R2C6D.F0 to 1.PADDO         
           1.549ns         R2C6D.F0 to 4.PADDO         
           1.549ns         R2C6D.F0 to 3.PADDO         
           1.539ns         R2C6D.F0 to 6.PADDO         
           1.539ns         R2C6D.F0 to 5.PADDO         
           1.539ns         R2C6D.F0 to 10.PADDO        
           1.539ns         R2C6D.F0 to 9.PADDO         
           2.054ns         R2C6D.F0 to 119.PADDO       
           2.054ns         R2C6D.F0 to 120.PADDO       
           2.059ns         R2C6D.F0 to 121.PADDO       
           2.059ns         R2C6D.F0 to 122.PADDO       
           1.653ns         R2C6D.F0 to 127.PADDO       
           1.653ns         R2C6D.F0 to 128.PADDO       
           2.001ns         R2C6D.F0 to 132.PADDO       
           2.001ns         R2C6D.F0 to 133.PADDO       
           2.001ns         R2C6D.F0 to 138.PADDO       
           2.001ns         R2C6D.F0 to 139.PADDO       
           1.653ns         R2C6D.F0 to 140.PADDO       
           1.653ns         R2C6D.F0 to 141.PADDO       
           1.844ns         R2C6D.F0 to 49.PADDO        

Report:    3.149ns maximum delay on expBCLK8_c_c

           Delays             Connection(s)
           3.100ns         57.PADDI to 84.PADDO        
           3.149ns         57.PADDI to 112.PADDO       
           2.452ns         57.PADDI to 77.PADDO        
           2.724ns         57.PADDI to 106.PADDO       
           1.742ns         57.PADDI to 71.PADDO        
           2.688ns         57.PADDI to 98.PADDO        
           1.394ns         57.PADDI to 65.PADDO        
           2.340ns         57.PADDI to 93.PADDO        

Report:    3.094ns maximum delay on expMDO3_c_c

           Delays             Connection(s)
           3.094ns         45.PADDI to 97.PADDO        

Report:    2.752ns maximum delay on expMDO1_c_c

           Delays             Connection(s)
           2.752ns         43.PADDI to 92.PADDO        

Report:    2.716ns maximum delay on xTDMIN3_c_c

           Delays             Connection(s)
           2.716ns         96.PADDI to 54.PADDO        

Report:    2.716ns maximum delay on xTDMIN1_c_c

           Delays             Connection(s)
           2.716ns         91.PADDI to 56.PADDO        

Report:    2.594ns maximum delay on pllWCLKREF_c_c

           Delays             Connection(s)
           2.594ns         59.PADDI to 32.PADDO        

Report:    2.227ns maximum delay on expMDO4_c_c

           Delays             Connection(s)
           2.227ns         47.PADDI to 70.PADDO        

Report:    4.256ns is the maximum delay for this preference.

Report Summary
--------------
----------------------------------------------------------------------------
Preference                              |   Constraint|       Actual|Levels
----------------------------------------------------------------------------
                                        |             |             |
Default path enumeration                |     0.000 ns|     8.185 ns|   0  
                                        |             |             |
Default net enumeration                 |     0.000 ns|     4.256 ns|   0  
                                        |             |             |
----------------------------------------------------------------------------


All preferences were met.


Clock Domains Analysis
------------------------

Found 0 clocks:


Timing summary (Setup):
---------------

Timing errors: 0  Score: 0
Cumulative negative slack: 0

Constraints cover 36 paths, 13 nets, and 63 connections (100.00% coverage)

--------------------------------------------------------------------------------

